Reading maps
Processing maps
Graph has 10000 nodes, 2 focal nodes and 1 components.
Solving focal pair 1 of 1
Job took 0 minutes 0 seconds to complete.
